[cochonfluo.com/index.html]
[backblue.gif]
[fade.gif]
[index.html]
[cochonfluo.com/feed]
[cochonfluo.com/comments/feed]
[cochonfluo.com/wp-includes/css/dist/block-library/style.min9d3a.css]
[cochonfluo.com/wp-content/plugins/themezee-magazine-blocks/assets/css/themezee-magazine-blocksc358.css]
[cochonfluo.com/wp-content/plugins/metronet-profile-picture/dist/blocks.style.build8d5a.css]
[cochonfluo.com/wp-content/themes/breek/assets/dist/plugins.mina7a0.css]
[cochonfluo.com/wp-content/themes/breek-child/style9d3a.css]
[cochonfluo.com/wp-content/plugins/1and1-wordpress-assistant/js/cookies9d3a.js]
[cochonfluo.com/xmlrpc0db0.php]
[cochonfluo.com/wp-includes/wlwmanifest.xml]
[cochonfluo.com/wp-json/index.html]
[cochonfluo.com/wp-content/uploads/2020/12/logo-rond-48x48.png]
[cochonfluo.com/wp-content/uploads/2020/12/logo-rond-300x300.png]
[cochonfluo.com/wp-content/uploads/2021/01/LOGO-GIF-cochon-fluo.gif]
[cochonfluo.com/voyage-hors-corps.html]
[cochonfluo.com/wp-content/uploads/2021/02/post2-450x450.jpg]
[cochonfluo.com/category/post.html]
[cochonfluo.com/partir-pour-revenir.html]
[cochonfluo.com/wp-content/uploads/2021/02/post1-450x450.jpg]
[cochonfluo.com/mon-antre-nauseabond.html]
[cochonfluo.com/wp-content/uploads/2021/02/post-450x450.jpg]
[cochonfluo.com/category/selection.html]
[cochonfluo.com/le-mauvais-gout.html]
[cochonfluo.com/wp-content/uploads/2021/01/detester-manger-450x450.jpg]
[cochonfluo.com/wp-content/uploads/2021/01/mendiant-grotesque-612x450.jpg]
[cochonfluo.com/le-mendiant-grotesque.html]
[cochonfluo.com/la-course-triste-dun-enfant-lent.html]
[cochonfluo.com/wp-content/uploads/2021/01/je-cours-hyper-vite-612x450.jpg]
[cochonfluo.com/wp-content/uploads/2021/01/jouissance-de-l-obscur-612x450.jpg]
[cochonfluo.com/le-sentiment-oceanique-et-la-jouissance-de-lobscur.html]
[cochonfluo.com/avoir-la-foi-en-soi.html]
[cochonfluo.com/wp-content/uploads/2021/01/soif-de-foi-612x450.jpg]
[cochonfluo.com/randonnee-morbide-dun-vieillard-alourdi.html]
[cochonfluo.com/wp-content/uploads/2021/01/randonnee-morbide-450x450.jpg]
[cochonfluo.com/wp-content/themes/breek/assets/dist/fontawesome.mina7a0.css]
[cochonfluo.com/page/2.html]
[cochonfluo.com/wp-content/themes/breek/assets/dist/remixicons.mina7a0.css]
[cochonfluo.com/wp-includes/js/jquery/jquery.min9d52.js]
[cochonfluo.com/wp-includes/js/jquery/jquery-migrate.mind617.js]
[cochonfluo.com/wp-content/plugins/metronet-profile-picture/js/mpp-frontend8d5a.js]
[cochonfluo.com/index.html]
[cochonfluo.com/wp-includes/js/wp-embed.min9d3a.js]
[cochonfluo.com/wp-content/themes/breek/assets/dist/scripts.mina7a0.js]
[cochonfluo.com/wp-includes/css/dist/block-library/style.min9d3a.css]
[cochonfluo.com/wp-content/plugins/themezee-magazine-blocks/assets/css/themezee-magazine-blocksc358.css]
[cochonfluo.com/wp-content/plugins/metronet-profile-picture/dist/blocks.style.build8d5a.css]
[cochonfluo.com/wp-content/themes/breek/assets/images/right-arrow.svg]
[cochonfluo.com/wp-content/themes/breek/assets/images/left-arrow.svg]
[cochonfluo.com/wp-content/themes/breek/assets/dist/plugins.mina7a0.css]
[cochonfluo.com/wp-content/themes/breek-child/style9d3a.css]
[cochonfluo.com/wp-content/plugins/contact-form-7/includes/css/styles9dff.css]
[cochonfluo.com/wp-json/wp/v2/posts/654.json]
[cochonfluo.com/wp-json/oembed/1.0/embed110f.json]
[cochonfluo.com/wp-json/oembed/1.0/embed4b9f]
[cochonfluo.com/wp-content/uploads/2021/02/post2-950x500.jpg]
[cochonfluo.com/author/cochonfluo.html]
[cochonfluo.com/wp-content/uploads/2020/12/gettyimages-911915544-2048x2048-1-96x96.jpg]
[cochonfluo.com/wp-content/uploads/2021/02/post-120x120.jpg]
[cochonfluo.com/wp-content/uploads/2021/01/randonnee-morbide-120x120.jpg]
[cochonfluo.com/je-suis-une-toile-blanche.html]
[cochonfluo.com/wp-content/uploads/2021/01/remplis-moi-120x120.jpg]
[cochonfluo.com/vaincre-seul.html]
[cochonfluo.com/wp-content/uploads/2021/01/vaincre-seul-1-120x120.jpg]
[cochonfluo.com/je-chie-en-public.html]
[cochonfluo.com/wp-content/uploads/2020/12/chie-en-public-120x120.jpg]
[cochonfluo.com/wp-content/plugins/contact-form-7/includes/js/scripts9dff.js]
[cochonfluo.com/voyage-hors-corps.html]
[cochonfluo.com/category/post/feed]
[cochonfluo.com/wp-json/wp/v2/categories/1.json]
[cochonfluo.com/category/post.html]
[cochonfluo.com/category/post/page/2.html]
[cochonfluo.com/wp-json/wp/v2/posts/646.json]
[cochonfluo.com/wp-json/oembed/1.0/embed0312.json]
[cochonfluo.com/wp-json/oembed/1.0/embeda25e]
[cochonfluo.com/wp-content/uploads/2021/02/post1-950x500.jpg]
[cochonfluo.com/partir-pour-revenir.html]
[cochonfluo.com/wp-json/wp/v2/posts/637.json]
[cochonfluo.com/wp-json/oembed/1.0/embed27a4.json]
[cochonfluo.com/wp-json/oembed/1.0/embed4e3e]
[cochonfluo.com/wp-content/uploads/2021/02/post-950x500.jpg]
[cochonfluo.com/energie-drogue-et-velib.html]
[cochonfluo.com/wp-content/uploads/2020/11/energie-drogue-velib-120x120.jpg]
[cochonfluo.com/mon-antre-nauseabond.html]
[cochonfluo.com/category/selection/feed]
[cochonfluo.com/wp-json/wp/v2/categories/30.json]
[cochonfluo.com/wp-content/uploads/2021/01/remplis-moi-450x450.jpg]
[cochonfluo.com/wp-content/uploads/2021/01/vaincre-seul-1-450x450.jpg]
[cochonfluo.com/wp-content/uploads/2020/12/chie-en-public-450x450.jpg]
[cochonfluo.com/wp-content/uploads/2020/11/energie-drogue-velib-450x450.jpg]
[cochonfluo.com/category/selection.html]
[cochonfluo.com/wp-json/wp/v2/posts/595.json]
[cochonfluo.com/wp-json/oembed/1.0/embed9971.json]
[cochonfluo.com/wp-json/oembed/1.0/embed4113]
[cochonfluo.com/wp-content/uploads/2021/01/detester-manger-950x500.jpg]
[cochonfluo.com/le-mauvais-gout.html]
[cochonfluo.com/wp-json/wp/v2/posts/574.json]
[cochonfluo.com/wp-json/oembed/1.0/embed4313.json]
[cochonfluo.com/wp-json/oembed/1.0/embed13a5]
[cochonfluo.com/wp-content/uploads/2021/01/mendiant-grotesque-950x500.jpg]
[cochonfluo.com/le-mendiant-grotesque.html]
[cochonfluo.com/wp-json/wp/v2/posts/546.json]
[cochonfluo.com/wp-json/oembed/1.0/embed0a51.json]
[cochonfluo.com/wp-json/oembed/1.0/embed6081]
[cochonfluo.com/wp-content/uploads/2021/01/je-cours-hyper-vite-950x500.jpg]
[cochonfluo.com/la-course-triste-dun-enfant-lent.html]
[cochonfluo.com/wp-json/wp/v2/posts/526.json]
[cochonfluo.com/wp-json/oembed/1.0/embed763d.json]
[cochonfluo.com/wp-json/oembed/1.0/embed5d32]
[cochonfluo.com/wp-content/uploads/2021/01/jouissance-de-l-obscur-950x500.jpg]
[cochonfluo.com/le-sentiment-oceanique-et-la-jouissance-de-lobscur.html]
[cochonfluo.com/wp-json/wp/v2/posts/516.json]
[cochonfluo.com/wp-json/oembed/1.0/embeda33d.json]
[cochonfluo.com/wp-json/oembed/1.0/embedfd77]
[cochonfluo.com/wp-content/uploads/2021/01/soif-de-foi-950x500.jpg]
[cochonfluo.com/avoir-la-foi-en-soi.html]
[cochonfluo.com/wp-json/wp/v2/posts/501.json]
[cochonfluo.com/wp-json/oembed/1.0/embed8625.json]
[cochonfluo.com/wp-json/oembed/1.0/embed6eb7]
[cochonfluo.com/wp-content/uploads/2021/01/randonnee-morbide-950x500.jpg]
[cochonfluo.com/wp-content/uploads/2021/01/j-avance-masque-1-612x450.png]
[cochonfluo.com/randonnee-morbide-dun-vieillard-alourdi.html]
[cochonfluo.com/je-porte-un-masque.html]
[cochonfluo.com/etouffer-lego-en-facesitting.html]
[cochonfluo.com/wp-content/uploads/2021/01/ego-facesitting-612x450.jpg]
[cochonfluo.com/fabrice-luchini-esclave-soumis.html]
[cochonfluo.com/wp-content/uploads/2021/01/luchini-bdsm-612x450.jpg]
[cochonfluo.com/la-misere-des-fils-de-riches.html]
[cochonfluo.com/wp-content/uploads/2021/01/la-misere-des-riches-612x450.jpg]
[cochonfluo.com/vagues-naturelles.html]
[cochonfluo.com/wp-content/uploads/2021/01/vagues-naturelles-700x417.png]
[cochonfluo.com/record-de-lenteur.html]
[cochonfluo.com/wp-content/uploads/2021/01/cover5-700x417.png]
[cochonfluo.com/constipation-creative.html]
[cochonfluo.com/wp-content/uploads/2020/12/cover8-700x417.png]
[cochonfluo.com/page/2.html]
[cochonfluo.com/wp-content/themes/breek/assets/fonts/fontawesome-webfont.woff]
[cochonfluo.com/page/3.html]
[cochonfluo.com/wp-content/themes/breek/assets/dist/fontawesome.mina7a0.css]
[cochonfluo.com/wp-content/themes/breek/assets/fonts/fontawesome-webfont.ttf]
[cochonfluo.com/wp-content/themes/breek/assets/fonts/remixicon.woff]
[cochonfluo.com/wp-content/themes/breek/assets/fonts/remixicon.ttf]
[cochonfluo.com/wp-content/themes/breek/assets/dist/remixicons.mina7a0.css]
[cochonfluo.com/wp-content/themes/breek/assets/images/right-arrow.svg]
[cochonfluo.com/wp-content/themes/breek/assets/images/left-arrow.svg]
[cochonfluo.com/wp-content/plugins/contact-form-7/assets/ajax-loader.gif]
[cochonfluo.com/wp-content/plugins/contact-form-7/includes/css/styles9dff.css]
[cochonfluo.com/indexa818.html]
[cochonfluo.com/author/cochonfluo/feed]
[cochonfluo.com/wp-json/wp/v2/users/1.json]
[cochonfluo.com/wp-content/uploads/2020/12/gettyimages-911915544-2048x2048-1-300x300.jpg]
[cochonfluo.com/author/cochonfluo.html]
[cochonfluo.com/author/cochonfluo/page/2.html]
[cochonfluo.com/wp-json/wp/v2/posts/434.json]
[cochonfluo.com/wp-json/oembed/1.0/embed8f8d.json]
[cochonfluo.com/wp-json/oembed/1.0/embedfcad]
[cochonfluo.com/wp-content/uploads/2021/01/remplis-moi-950x500.jpg]
[cochonfluo.com/je-suis-une-toile-blanche.html]
[cochonfluo.com/wp-json/wp/v2/posts/279.json]
[cochonfluo.com/wp-json/oembed/1.0/embed3ec7.json]
[cochonfluo.com/wp-json/oembed/1.0/embed9662]
[cochonfluo.com/wp-content/uploads/2021/01/vaincre-seul-1-950x500.jpg]
[cochonfluo.com/vaincre-seul.html]
[cochonfluo.com/wp-json/wp/v2/posts/175.json]
[cochonfluo.com/wp-json/oembed/1.0/embed5f90.json]
[cochonfluo.com/wp-json/oembed/1.0/embed76a7]
[cochonfluo.com/wp-content/uploads/2020/12/chie-en-public-950x500.jpg]
[cochonfluo.com/wp-content/uploads/2020/12/le-diktat-du-testicule-450x450.jpg]
[cochonfluo.com/la-dictature-des-couilles.html]
[cochonfluo.com/wp-content/uploads/2020/12/cover12-700x417.png]
[cochonfluo.com/je-chie-en-public.html]
[cochonfluo.com/bouche-a-bouche-a-bouda.html]
[cochonfluo.com/category/post/page/2.html]
[cochonfluo.com/index8bcd.html]
[cochonfluo.com/index38bf.html]
[cochonfluo.com/category/post/page/3.html]
[cochonfluo.com/energie-drogue-et-velib/feed]
[cochonfluo.com/wp-json/wp/v2/posts/1.json]
[cochonfluo.com/wp-json/oembed/1.0/embedd6e2.json]
[cochonfluo.com/wp-json/oembed/1.0/embed496a]
[cochonfluo.com/wp-content/uploads/2020/11/energie-drogue-velib-950x500.jpg]
[cochonfluo.com/tout-me-degoute.html]
[cochonfluo.com/wp-content/uploads/2020/11/krs-one-450x450.png]
[cochonfluo.com/energie-drogue-et-velib.html]
[cochonfluo.com/indexa351.html]
[cochonfluo.com/indexfe50.html]
[cochonfluo.com/index4cfb.html]
[cochonfluo.com/index6a35.html]
[cochonfluo.com/index3ee1.html]
[cochonfluo.com/indexc508.html]
[cochonfluo.com/blba.html]
[cochonfluo.com/wp-json/wp/v2/posts/486.json]
[cochonfluo.com/wp-json/oembed/1.0/embed6740.json]
[cochonfluo.com/wp-json/oembed/1.0/embedff66]
[cochonfluo.com/wp-content/uploads/2021/01/j-avance-masque-1-950x500.png]
[cochonfluo.com/je-porte-un-masque.html]
[cochonfluo.com/wp-json/wp/v2/posts/455.json]
[cochonfluo.com/wp-json/oembed/1.0/embed1380.json]
[cochonfluo.com/wp-json/oembed/1.0/embed1ea7]
[cochonfluo.com/wp-content/uploads/2021/01/ego-facesitting.jpg]
[cochonfluo.com/etouffer-lego-en-facesitting.html]
[cochonfluo.com/wp-json/wp/v2/posts/187.json]
[cochonfluo.com/wp-json/oembed/1.0/embed4a38.json]
[cochonfluo.com/wp-json/oembed/1.0/embed959c]
[cochonfluo.com/wp-content/uploads/2021/01/luchini-bdsm.jpg]
[cochonfluo.com/fabrice-luchini-esclave-soumis.html]
[cochonfluo.com/wp-json/wp/v2/posts/443.json]
[cochonfluo.com/wp-json/oembed/1.0/embed3460.json]
[cochonfluo.com/wp-json/oembed/1.0/embed9e4b]
[cochonfluo.com/wp-content/uploads/2021/01/la-misere-des-riches.jpg]
[cochonfluo.com/vouloir-tout-perdre.html]
[cochonfluo.com/wp-content/uploads/2021/01/calvin.jpg]
[cochonfluo.com/la-misere-des-fils-de-riches.html]
[cochonfluo.com/wp-json/wp/v2/posts/356.json]
[cochonfluo.com/wp-json/oembed/1.0/embedc37e.json]
[cochonfluo.com/wp-json/oembed/1.0/embedc503]
[cochonfluo.com/wp-content/uploads/2021/01/vagues-naturelles-950x500.png]
[cochonfluo.com/vagues-naturelles.html]
[cochonfluo.com/wp-json/wp/v2/posts/268.json]
[cochonfluo.com/wp-json/oembed/1.0/embed7806.json]
[cochonfluo.com/wp-json/oembed/1.0/embeddf48]
[cochonfluo.com/wp-content/uploads/2021/01/cover5-950x500.png]
[cochonfluo.com/record-de-lenteur.html]
[cochonfluo.com/wp-json/wp/v2/posts/229.json]
[cochonfluo.com/wp-json/oembed/1.0/embed0317.json]
[cochonfluo.com/wp-json/oembed/1.0/embed9b22]
[cochonfluo.com/wp-content/uploads/2020/12/cover8-950x500.png]
[cochonfluo.com/wp-content/uploads/2020/12/tout-perdre-700x417.png]
[cochonfluo.com/constipation-creative.html]
[cochonfluo.com/minuscule-changement.html]
[cochonfluo.com/wp-content/uploads/2020/12/cover14-700x417.png]
[cochonfluo.com/page/3.html]
[cochonfluo.com/wp-content/themes/breek/assets/fonts/fontawesome-webfont.html]
[cochonfluo.com/wp-content/themes/breek/assets/fonts/remixicon.html]
[cochonfluo.com/category/video.html]
[cochonfluo.com/author/cochonfluo/page/2.html]
[cochonfluo.com/index5442.html]
[cochonfluo.com/index45c8.html]
[cochonfluo.com/indexa09e.html]
[cochonfluo.com/author/cochonfluo/page/3.html]
[cochonfluo.com/wp-json/wp/v2/posts/149.json]
[cochonfluo.com/wp-json/oembed/1.0/embedd042.json]
[cochonfluo.com/wp-json/oembed/1.0/embedeb7d]
[cochonfluo.com/wp-content/uploads/2020/12/le-diktat-du-testicule-950x500.jpg]
[cochonfluo.com/la-dictature-des-couilles.html]
[cochonfluo.com/wp-json/wp/v2/posts/205.json]
[cochonfluo.com/wp-json/oembed/1.0/embed233b.json]
[cochonfluo.com/wp-json/oembed/1.0/embedc7ea]
[cochonfluo.com/wp-content/uploads/2020/12/cover12-950x500.png]
[cochonfluo.com/bouche-a-bouche-a-bouda.html]
[cochonfluo.com/category/post/index.html]
[cochonfluo.com/category/post/page/3.html]
[cochonfluo.com/indexcff1.html]
[cochonfluo.com/wp-json/wp/v2/posts/602.json]
[cochonfluo.com/wp-json/oembed/1.0/embed6a8f.json]
[cochonfluo.com/wp-json/oembed/1.0/embed8d51]
[cochonfluo.com/wp-content/uploads/2021/01/CJ_qQ2YUEAATCxy.jpg]
[cochonfluo.com/tout-me-degoute.html]
[cochonfluo.com/blba/feed]
[cochonfluo.com/wp-json/wp/v2/posts/76.json]
[cochonfluo.com/wp-json/oembed/1.0/embed7cf1.json]
[cochonfluo.com/wp-json/oembed/1.0/embeddbed]
[cochonfluo.com/wp-content/uploads/2020/11/krs-one-950x500.png]
[cochonfluo.com/blba.html]
[cochonfluo.com/index2807.html]
[cochonfluo.com/index9e38.html]
[cochonfluo.com/indexc885.html]
[cochonfluo.com/indexe0b1.html]
[cochonfluo.com/wp-json/wp/v2/posts/213.json]
[cochonfluo.com/wp-json/oembed/1.0/embed0d0f.json]
[cochonfluo.com/wp-json/oembed/1.0/embed28a1]
[cochonfluo.com/wp-content/uploads/2020/12/tout-perdre-950x500.png]
[cochonfluo.com/vouloir-tout-perdre.html]
[cochonfluo.com/index57e7.html]
[cochonfluo.com/indexc524.html]
[cochonfluo.com/index4580.html]
[cochonfluo.com/wp-json/wp/v2/posts/136.json]
[cochonfluo.com/wp-json/oembed/1.0/embedbb17.json]
[cochonfluo.com/wp-json/oembed/1.0/embed0824]
[cochonfluo.com/wp-content/uploads/2020/12/cover14-950x500.png]
[cochonfluo.com/minuscule-changement.html]
[cochonfluo.com/category/video/feed]
[cochonfluo.com/wp-json/wp/v2/categories/13.json]
[cochonfluo.com/category/video.html]
[cochonfluo.com/author/cochonfluo/index.html]
[cochonfluo.com/author/cochonfluo/page/3.html]
[cochonfluo.com/index8bc8.html]
[cochonfluo.com/indexc140.html]
[cochonfluo.com/indexca7f.html]
[cochonfluo.com/index04cd.html]
[cochonfluo.com/indexf3dd.html]
[cochonfluo.com/index9469.html]
